// Jest Snapshot v1, https://goo.gl/fbAQLP

exports[`App Is Expected to have Settings, Graph and Table Tab 1`] = `
<div>
  <div
    class="react-tabs"
    data-rttabs="true"
  >
    <ul
      class="react-tabs__tab-list"
      role="tablist"
    >
      <li
        aria-controls="react-tabs-1"
        aria-disabled="false"
        aria-selected="true"
        class="react-tabs__tab react-tabs__tab--selected"
        data-rttab="true"
        id="react-tabs-0"
        role="tab"
        tabindex="0"
      >
        Settings
      </li>
      <li
        aria-controls="react-tabs-3"
        aria-disabled="false"
        aria-selected="false"
        class="react-tabs__tab"
        data-rttab="true"
        id="react-tabs-2"
        role="tab"
      >
        Table
      </li>
      <li
        aria-controls="react-tabs-5"
        aria-disabled="false"
        aria-selected="false"
        class="react-tabs__tab"
        data-rttab="true"
        id="react-tabs-4"
        role="tab"
      >
        Graph
      </li>
    </ul>
    <div
      aria-labelledby="react-tabs-0"
      class="react-tabs__tab-panel react-tabs__tab-panel--selected"
      id="react-tabs-1"
      role="tabpanel"
    >
      Content 1
    </div>
    <div
      aria-labelledby="react-tabs-2"
      class="react-tabs__tab-panel"
      id="react-tabs-3"
      role="tabpanel"
    />
    <div
      aria-labelledby="react-tabs-4"
      class="react-tabs__tab-panel"
      id="react-tabs-5"
      role="tabpanel"
    />
  </div>
</div>
`;
